landing-320 {"overflow":false,"broken":0,"violations":0}
create-result-320 {"overflow":false,"broken":0,"violations":0}
landing-390 {"overflow":false,"broken":0,"violations":0}
create-result-390 {"overflow":false,"broken":0,"violations":0}
landing-768 {"overflow":false,"broken":0,"violations":0}
create-result-768 {"overflow":false,"broken":0,"violations":0}
landing-1440 {"overflow":false,"broken":0,"violations":0}
create-result-1440 {"overflow":false,"broken":0,"violations":0}
landing-1920 {"overflow":false,"broken":0,"violations":0}
create-result-1920 {"overflow":false,"broken":0,"violations":0}
create-empty {"overflow":false,"broken":0,"violations":0}
create-reference {"overflow":false,"broken":0,"violations":0}
create-queued {"overflow":false,"broken":0,"violations":0}
create-starting {"overflow":false,"broken":0,"violations":0}
create-processing {"overflow":false,"broken":0,"violations":0}
create-refunded {"overflow":false,"broken":0,"violations":0}
create-failed {"overflow":false,"broken":0,"violations":0}
create-cancelled {"overflow":false,"broken":0,"violations":0}
create-no-balance {"overflow":false,"broken":0,"violations":0}
create-unavailable {"overflow":false,"broken":0,"violations":0}
create-loading {"overflow":false,"broken":0,"violations":0}
create-signed-out {"overflow":false,"broken":0,"violations":0}
create-error {"overflow":false,"broken":0,"violations":0}
library-full {"overflow":false,"broken":0,"violations":0}
library-detail {"overflow":false,"broken":0,"violations":0}
library-filtered {"overflow":false,"broken":0,"violations":0}
library-filtered-empty {"overflow":false,"broken":0,"violations":0}
library-empty {"overflow":false,"broken":0,"violations":0}
account-sample {"overflow":false,"broken":0,"violations":0}
costs-sample {"overflow":false,"broken":0,"violations":0}
components {"overflow":false,"broken":0,"violations":0}
library-320 {"overflow":false,"broken":0,"violations":0}
login-320 {"overflow":false,"broken":0,"violations":0}
pricing-320 {"overflow":false,"broken":0,"violations":0}
library-390 {"overflow":false,"broken":0,"violations":0}
login-390 {"overflow":false,"broken":0,"violations":0}
pricing-390 {"overflow":false,"broken":0,"violations":0}
library-768 {"overflow":false,"broken":0,"violations":0}
login-768 {"overflow":false,"broken":0,"violations":0}
pricing-768 {"overflow":false,"broken":0,"violations":0}
library-1440 {"overflow":false,"broken":0,"violations":0}
login-1440 {"overflow":false,"broken":0,"violations":0}
pricing-1440 {"overflow":false,"broken":0,"violations":0}
library-1920 {"overflow":false,"broken":0,"violations":0}
login-1920 {"overflow":false,"broken":0,"violations":0}
pricing-1920 {"overflow":false,"broken":0,"violations":0}
real-create-image {"overflow":false,"broken":0,"violations":0}
real-library {"overflow":false,"broken":0,"violations":0}
real-login {"overflow":false,"broken":0,"violations":0}
real-profile {"overflow":false,"broken":0,"violations":0}
real-pricing {"overflow":false,"broken":0,"violations":0}
real-register {"overflow":false,"broken":0,"violations":0}
real-create-video {"overflow":false,"broken":0,"violations":0}
create-text-200 {"overflow":false,"broken":0,"violations":0}
landing-text-200 {"overflow":false,"broken":0,"violations":0}
baseline-landing-1440 {"overflow":false,"broken":0,"violations":0}
baseline-create-1440 {"overflow":false,"broken":0,"violations":0}
