
Running 47 tests using 1 worker

(node:35396) Warning: The 'NO_COLOR' env is ignored due to the 'FORCE_COLOR' env being set.
(Use `node --trace-warnings ...` to show where the warning was created)
(node:35396) Warning: The 'NO_COLOR' env is ignored due to the 'FORCE_COLOR' env being set.
(Use `node --trace-warnings ...` to show where the warning was created)
  ok  1 e2e\assets-core.spec.ts:5:5 › Assets exposes only loaded media and filters confirmed refunds independently from failure (4.4s)
  ok  2 e2e\assets-core.spec.ts:30:5 › Assets keeps last-30 scope and hides absent media controls (2.4s)
  ok  3 e2e\assets-core.spec.ts:42:5 › selecting a recent asset updates the main workspace without leaving Image (2.5s)
  ok  4 e2e\assets-core.spec.ts:56:5 › design review shows Video migration and Assets from local samples without API work (5.4s)
  ok  5 e2e\creative-shell.spec.ts:18:7 › workspace drawer supports focus, routes and theme persistence at 320px (7.2s)
  ok  6 e2e\creative-shell.spec.ts:18:7 › workspace drawer supports focus, routes and theme persistence at 390px (7.5s)
  ok  7 e2e\creative-shell.spec.ts:18:7 › workspace drawer supports focus, routes and theme persistence at 768px (6.9s)
  ok  8 e2e\creative-shell.spec.ts:83:7 › desktop workspace has one labeled sidebar and contained content at 1366px (1.7s)
  ok  9 e2e\creative-shell.spec.ts:83:7 › desktop workspace has one labeled sidebar and contained content at 1440px (2.4s)
  ok 10 e2e\creative-shell.spec.ts:83:7 › desktop workspace has one labeled sidebar and contained content at 1920px (2.2s)
  ok 11 e2e\creative-shell.spec.ts:103:5 › mobile drawer has no axe violations and releases focus when resized to desktop (3.7s)
  ok 12 e2e\model-picker-core.spec.ts:5:5 › large model catalog supports intent groups, search, keyboard choice and Escape focus return (2.8s)
  ok 13 e2e\model-picker-core.spec.ts:38:5 › compatible model change preserves reference bytes and supported settings, and invalidates its quote (5.8s)
  ok 14 e2e\model-picker-core.spec.ts:69:5 › unavailable models expose controls without allowing selection for spending or quotes (5.1s)
  ok 15 e2e\model-picker-core.spec.ts:92:5 › canceling an asset-driven model change clears the pending reference and restores its actual opener (4.3s)
  ok 16 e2e\model-picker-core.spec.ts:118:5 › cross-media reuse confirms before replacing an existing prompt and reference (3.0s)
  ok 17 e2e\studio-behavior.spec.ts:28:5 › current quote is invalidated by prompt, settings and reference changes (7.9s)
  ok 18 e2e\studio-behavior.spec.ts:71:5 › upload rejects unsupported files and prepares a valid public local reference (3.4s)
  ok 19 e2e\studio-behavior.spec.ts:89:5 › model change preserves references and settings until the user confirms (6.0s)
  ok 20 e2e\studio-behavior.spec.ts:121:5 › duplicate click is blocked and ambiguous submission replays the exact body and key (3.3s)
  ok 21 e2e\studio-behavior.spec.ts:149:5 › Library filters loaded jobs and restores keyboard focus after detail Escape (4.6s)
  ok 22 e2e\studio-behavior.spec.ts:179:5 › Use as reference downloads the owned result and prepares a new input without generating (3.7s)
  ok 23 e2e\studio-behavior.spec.ts:201:5 › Reuse restores prompt and supported settings but does not invent original references (3.1s)
  ok 24 e2e\studio-behavior.spec.ts:217:5 › failed reference download preserves the current prompt and settings (2.3s)
  ok 25 e2e\studio-behavior.spec.ts:232:5 › Library shows distinct empty, unavailable and signed-out states (1.8s)
  ok 26 e2e\studio-behavior.spec.ts:247:5 › logout clears private Library immediately even when the logout request fails (2.2s)
  ok 27 e2e\studio-behavior.spec.ts:267:5 › expired quote cannot submit while its replacement is pending (3.4s)
  ok 28 e2e\studio-behavior.spec.ts:287:5 › deployment-pending model cannot quote or submit for an authenticated account (2.9s)
  ok 29 e2e\studio-behavior.spec.ts:303:5 › design review sends no account or generation HTTP and disables sample actions (5.8s)
  ok 30 e2e\studio-behavior.spec.ts:337:5 › mobile navigation supports keyboard activation, Escape focus return and route change at 320 px (1.6s)
  ok 31 e2e\theme-controls.spec.ts:56:7 › first visit resolves System light before the first rendered frame, without hydration errors (2.0s)
  ok 32 e2e\theme-controls.spec.ts:56:7 › first visit resolves System dark before the first rendered frame, without hydration errors (2.0s)
  ok 33 e2e\theme-controls.spec.ts:86:5 › System follows OS changes; manual overrides remain selected until returning to System (4.2s)
  ok 34 e2e\theme-controls.spec.ts:116:5 › preference persists through client navigation, reload, logout and same-origin tabs (5.7s)
  ok 35 e2e\theme-controls.spec.ts:144:5 › invalid storage and cross-tab removal safely return to System without errors (3.8s)
  ok 36 e2e\theme-controls.spec.ts:165:5 › unavailable storage retains manual preference in memory and keeps navigation usable (2.5s)
  ok 37 e2e\theme-controls.spec.ts:188:5 › stored dark preference is applied on the first rendered reload frame over a light system (1.4s)
  ok 38 e2e\theme-controls.spec.ts:204:5 › theme changes preserve prompt, references, quote, selected result and scroll without creation or requote (4.6s)
  ok 39 e2e\theme-controls.spec.ts:242:5 › controlled numeric and enum selects preserve request types and never submit their form (5.6s)
  ok 40 e2e\theme-controls.spec.ts:262:5 › select placeholder, disabled item, arrows, Home/End, typeahead and Escape are operable (5.7s)
  ok 41 e2e\theme-controls.spec.ts:302:5 › long options scroll, stay readable and fit the mobile viewport near its edge (4.1s)
  ok 42 e2e\theme-controls.spec.ts:337:5 › dialog select is in the top layer and Escape closes the popup before the parent (4.4s)
  ok 43 e2e\theme-controls.spec.ts:372:5 › changing System theme while a popup is open preserves focus, selection and popup validity (3.3s)
  ok 44 e2e\theme-controls.spec.ts:395:7 › Appearance and Select open popups have no axe violations in light (6.1s)
  ok 45 e2e\theme-controls.spec.ts:395:7 › Appearance and Select open popups have no axe violations in dark (5.6s)
  ok 46 e2e\theme-controls.spec.ts:410:7 › touch controls › touch can open, choose and dismiss selectors and Appearance without generation (2.6s)
  ok 47 e2e\theme-controls.spec.ts:431:5 › without JavaScript the landing stays visible and follows a dark system via CSS (915ms)

  47 passed (3.1m)
