
> imagino-front@0.1.0 test:browser
> playwright test --output=evidence/theme/test-results-firefox


Running 31 tests using 1 worker

(node:44812) Warning: The 'NO_COLOR' env is ignored due to the 'FORCE_COLOR' env being set.
(Use `node --trace-warnings ...` to show where the warning was created)
(node:44812) Warning: The 'NO_COLOR' env is ignored due to the 'FORCE_COLOR' env being set.
(Use `node --trace-warnings ...` to show where the warning was created)
  ok  1 e2e\studio-behavior.spec.ts:28:5 › current quote is invalidated by prompt, settings and reference changes (7.9s)
  ok  2 e2e\studio-behavior.spec.ts:72:5 › upload rejects unsupported files and prepares a valid public local reference (2.8s)
  ok  3 e2e\studio-behavior.spec.ts:91:5 › model change preserves references and settings until the user confirms (3.2s)
  ok  4 e2e\studio-behavior.spec.ts:124:5 › duplicate click is blocked and ambiguous submission replays the exact body and key (2.9s)
  ok  5 e2e\studio-behavior.spec.ts:152:5 › Library filters loaded jobs and restores keyboard focus after detail Escape (2.5s)
  ok  6 e2e\studio-behavior.spec.ts:182:5 › Use as reference downloads the owned result and prepares a new input without generating (3.7s)
  ok  7 e2e\studio-behavior.spec.ts:204:5 › Reuse restores prompt and supported settings but does not invent original references (2.6s)
  ok  8 e2e\studio-behavior.spec.ts:220:5 › failed reference download preserves the current prompt and settings (2.5s)
  ok  9 e2e\studio-behavior.spec.ts:235:5 › Library shows distinct empty, unavailable and signed-out states (3.4s)
  ok 10 e2e\studio-behavior.spec.ts:250:5 › logout clears private Library immediately even when the logout request fails (2.5s)
  ok 11 e2e\studio-behavior.spec.ts:270:5 › expired quote cannot submit while its replacement is pending (3.8s)
  ok 12 e2e\studio-behavior.spec.ts:290:5 › deployment-pending model cannot quote or submit for an authenticated account (2.8s)
  ok 13 e2e\studio-behavior.spec.ts:306:5 › design review sends no account or generation HTTP and disables sample actions (3.5s)
  ok 14 e2e\studio-behavior.spec.ts:340:5 › mobile navigation supports keyboard activation, Escape focus return and route change at 320 px (1.5s)
  ok 15 e2e\theme-controls.spec.ts:56:7 › first visit resolves System light before the first rendered frame, without hydration errors (1.6s)
  ok 16 e2e\theme-controls.spec.ts:56:7 › first visit resolves System dark before the first rendered frame, without hydration errors (1.2s)
  ok 17 e2e\theme-controls.spec.ts:86:5 › System follows OS changes; manual overrides remain selected until returning to System (2.4s)
  ok 18 e2e\theme-controls.spec.ts:116:5 › preference persists through client navigation, reload, logout and same-origin tabs (5.5s)
  ok 19 e2e\theme-controls.spec.ts:144:5 › invalid storage and cross-tab removal safely return to System without errors (4.1s)
  ok 20 e2e\theme-controls.spec.ts:165:5 › unavailable storage retains manual preference in memory and keeps navigation usable (1.9s)
  ok 21 e2e\theme-controls.spec.ts:188:5 › stored dark preference is applied on the first rendered reload frame over a light system (2.0s)
  ok 22 e2e\theme-controls.spec.ts:204:5 › theme changes preserve prompt, references, quote, selected result and scroll without creation or requote (4.1s)
  ok 23 e2e\theme-controls.spec.ts:243:5 › controlled numeric and enum selects preserve request types and never submit their form (4.6s)
  ok 24 e2e\theme-controls.spec.ts:263:5 › select placeholder, disabled item, arrows, Home/End, typeahead and Escape are operable (2.5s)
  ok 25 e2e\theme-controls.spec.ts:303:5 › long options scroll, stay readable and fit the mobile viewport near its edge (2.3s)
  ok 26 e2e\theme-controls.spec.ts:338:5 › dialog select is in the top layer and Escape closes the popup before the parent (2.2s)
  ok 27 e2e\theme-controls.spec.ts:373:5 › changing System theme while a popup is open preserves focus, selection and popup validity (2.3s)
  ok 28 e2e\theme-controls.spec.ts:396:7 › Appearance and Select open popups have no axe violations in light (3.9s)
  ok 29 e2e\theme-controls.spec.ts:396:7 › Appearance and Select open popups have no axe violations in dark (3.4s)
  ok 30 e2e\theme-controls.spec.ts:411:7 › touch controls › touch can open, choose and dismiss selectors and Appearance without generation (1.2s)
  ok 31 e2e\theme-controls.spec.ts:431:5 › without JavaScript the landing stays visible and follows a dark system via CSS (837ms)

  31 passed (1.6m)
