light-landing-320 {"overflow":false,"broken":0,"accessibilityAudited":true,"violations":0}
light-create-result-320 {"overflow":false,"broken":0,"accessibilityAudited":false,"violations":0}
light-library-320 {"overflow":false,"broken":0,"accessibilityAudited":true,"violations":0}
light-components-320 {"overflow":false,"broken":0,"accessibilityAudited":true,"violations":0}
light-appearance-open-320 {"overflow":false,"broken":0,"accessibilityAudited":true,"violations":0}
light-select-open-320 {"overflow":false,"broken":0,"accessibilityAudited":true,"violations":0}
light-select-long-320 {"overflow":false,"broken":0,"accessibilityAudited":false,"violations":0}
light-select-edge-320 {"overflow":false,"broken":0,"accessibilityAudited":false,"violations":0}
light-select-dialog-320 {"overflow":false,"broken":0,"accessibilityAudited":true,"violations":0}
light-landing-390 {"overflow":false,"broken":0,"accessibilityAudited":false,"violations":0}
light-create-result-390 {"overflow":false,"broken":0,"accessibilityAudited":false,"violations":0}
light-library-390 {"overflow":false,"broken":0,"accessibilityAudited":false,"violations":0}
light-create-empty-390 {"overflow":false,"broken":0,"accessibilityAudited":false,"violations":0}
light-create-reference-390 {"overflow":false,"broken":0,"accessibilityAudited":false,"violations":0}
light-login-390 {"overflow":false,"broken":0,"accessibilityAudited":true,"violations":0}
light-account-390 {"overflow":false,"broken":0,"accessibilityAudited":true,"violations":0}
light-costs-390 {"overflow":false,"broken":0,"accessibilityAudited":true,"violations":0}
light-landing-768 {"overflow":false,"broken":0,"accessibilityAudited":false,"violations":0}
light-create-result-768 {"overflow":false,"broken":0,"accessibilityAudited":false,"violations":0}
light-library-768 {"overflow":false,"broken":0,"accessibilityAudited":false,"violations":0}
light-landing-1366 {"overflow":false,"broken":0,"accessibilityAudited":true,"violations":0}
light-create-result-1366 {"overflow":false,"broken":0,"accessibilityAudited":true,"violations":0}
light-library-1366 {"overflow":false,"broken":0,"accessibilityAudited":true,"violations":0}
light-create-empty-1366 {"overflow":false,"broken":0,"accessibilityAudited":true,"violations":0}
light-create-reference-1366 {"overflow":false,"broken":0,"accessibilityAudited":true,"violations":0}
light-login-1366 {"overflow":false,"broken":0,"accessibilityAudited":true,"violations":0}
light-account-1366 {"overflow":false,"broken":0,"accessibilityAudited":true,"violations":0}
light-costs-1366 {"overflow":false,"broken":0,"accessibilityAudited":true,"violations":0}
light-components-1366 {"overflow":false,"broken":0,"accessibilityAudited":true,"violations":0}
light-appearance-open-1366 {"overflow":false,"broken":0,"accessibilityAudited":true,"violations":0}
light-select-open-1366 {"overflow":false,"broken":0,"accessibilityAudited":true,"violations":0}
light-select-long-1366 {"overflow":false,"broken":0,"accessibilityAudited":true,"violations":0}
light-select-edge-1366 {"overflow":false,"broken":0,"accessibilityAudited":true,"violations":0}
light-select-dialog-1366 {"overflow":false,"broken":0,"accessibilityAudited":true,"violations":0}
light-landing-1920 {"overflow":false,"broken":0,"accessibilityAudited":false,"violations":0}
light-create-result-1920 {"overflow":false,"broken":0,"accessibilityAudited":false,"violations":0}
light-library-1920 {"overflow":false,"broken":0,"accessibilityAudited":false,"violations":0}
light-create-error {"overflow":false,"broken":0,"accessibilityAudited":true,"violations":0}
light-create-loading {"overflow":false,"broken":0,"accessibilityAudited":true,"violations":0}
light-create-unavailable {"overflow":false,"broken":0,"accessibilityAudited":true,"violations":0}
light-create-no-balance {"overflow":false,"broken":0,"accessibilityAudited":true,"violations":0}
light-create-queued {"overflow":false,"broken":0,"accessibilityAudited":true,"violations":0}
light-create-processing {"overflow":false,"broken":0,"accessibilityAudited":true,"violations":0}
light-create-failed {"overflow":false,"broken":0,"accessibilityAudited":true,"violations":0}
light-library-filter-open {"overflow":false,"broken":0,"accessibilityAudited":true,"violations":0}
light-library-detail {"overflow":false,"broken":0,"accessibilityAudited":true,"violations":0}
light-tooltip {"overflow":false,"broken":0,"accessibilityAudited":true,"violations":0}
light-toast {"overflow":false,"broken":0,"accessibilityAudited":true,"violations":0}
light-landing-text-200 {"overflow":false,"broken":0,"accessibilityAudited":true,"violations":0}
light-create-text-200 {"overflow":false,"broken":0,"accessibilityAudited":true,"violations":0}
light-reduced-motion {"overflow":false,"broken":0,"accessibilityAudited":true,"violations":0}
light-forced-colors-select {"overflow":false,"broken":0,"accessibilityAudited":false,"violations":0}
light-legacy-images {"overflow":false,"broken":0,"accessibilityAudited":false,"violations":0}
light-legacy-videos {"overflow":false,"broken":0,"accessibilityAudited":false,"violations":0}
dark-landing-320 {"overflow":false,"broken":0,"accessibilityAudited":true,"violations":0}
dark-create-result-320 {"overflow":false,"broken":0,"accessibilityAudited":false,"violations":0}
dark-library-320 {"overflow":false,"broken":0,"accessibilityAudited":true,"violations":0}
dark-components-320 {"overflow":false,"broken":0,"accessibilityAudited":true,"violations":0}
dark-appearance-open-320 {"overflow":false,"broken":0,"accessibilityAudited":true,"violations":0}
dark-select-open-320 {"overflow":false,"broken":0,"accessibilityAudited":true,"violations":0}
dark-select-long-320 {"overflow":false,"broken":0,"accessibilityAudited":false,"violations":0}
dark-select-edge-320 {"overflow":false,"broken":0,"accessibilityAudited":false,"violations":0}
dark-select-dialog-320 {"overflow":false,"broken":0,"accessibilityAudited":true,"violations":0}
dark-landing-390 {"overflow":false,"broken":0,"accessibilityAudited":false,"violations":0}
dark-create-result-390 {"overflow":false,"broken":0,"accessibilityAudited":false,"violations":0}
dark-library-390 {"overflow":false,"broken":0,"accessibilityAudited":false,"violations":0}
dark-create-empty-390 {"overflow":false,"broken":0,"accessibilityAudited":false,"violations":0}
dark-create-reference-390 {"overflow":false,"broken":0,"accessibilityAudited":false,"violations":0}
dark-login-390 {"overflow":false,"broken":0,"accessibilityAudited":true,"violations":0}
dark-account-390 {"overflow":false,"broken":0,"accessibilityAudited":true,"violations":0}
dark-costs-390 {"overflow":false,"broken":0,"accessibilityAudited":true,"violations":0}
dark-landing-768 {"overflow":false,"broken":0,"accessibilityAudited":false,"violations":0}
dark-create-result-768 {"overflow":false,"broken":0,"accessibilityAudited":false,"violations":0}
dark-library-768 {"overflow":false,"broken":0,"accessibilityAudited":false,"violations":0}
dark-landing-1366 {"overflow":false,"broken":0,"accessibilityAudited":true,"violations":0}
dark-create-result-1366 {"overflow":false,"broken":0,"accessibilityAudited":true,"violations":0}
dark-library-1366 {"overflow":false,"broken":0,"accessibilityAudited":true,"violations":0}
dark-create-empty-1366 {"overflow":false,"broken":0,"accessibilityAudited":true,"violations":0}
dark-create-reference-1366 {"overflow":false,"broken":0,"accessibilityAudited":true,"violations":0}
dark-login-1366 {"overflow":false,"broken":0,"accessibilityAudited":true,"violations":0}
dark-account-1366 {"overflow":false,"broken":0,"accessibilityAudited":true,"violations":0}
dark-costs-1366 {"overflow":false,"broken":0,"accessibilityAudited":true,"violations":0}
dark-components-1366 {"overflow":false,"broken":0,"accessibilityAudited":true,"violations":0}
dark-appearance-open-1366 {"overflow":false,"broken":0,"accessibilityAudited":true,"violations":0}
dark-select-open-1366 {"overflow":false,"broken":0,"accessibilityAudited":true,"violations":0}
dark-select-long-1366 {"overflow":false,"broken":0,"accessibilityAudited":true,"violations":0}
dark-select-edge-1366 {"overflow":false,"broken":0,"accessibilityAudited":true,"violations":0}
dark-select-dialog-1366 {"overflow":false,"broken":0,"accessibilityAudited":true,"violations":0}
dark-landing-1920 {"overflow":false,"broken":0,"accessibilityAudited":false,"violations":0}
dark-create-result-1920 {"overflow":false,"broken":0,"accessibilityAudited":false,"violations":0}
dark-library-1920 {"overflow":false,"broken":0,"accessibilityAudited":false,"violations":0}
dark-create-error {"overflow":false,"broken":0,"accessibilityAudited":true,"violations":0}
dark-create-loading {"overflow":false,"broken":0,"accessibilityAudited":true,"violations":0}
dark-create-unavailable {"overflow":false,"broken":0,"accessibilityAudited":true,"violations":0}
dark-create-no-balance {"overflow":false,"broken":0,"accessibilityAudited":true,"violations":0}
dark-create-queued {"overflow":false,"broken":0,"accessibilityAudited":true,"violations":0}
dark-create-processing {"overflow":false,"broken":0,"accessibilityAudited":true,"violations":0}
dark-create-failed {"overflow":false,"broken":0,"accessibilityAudited":true,"violations":0}
dark-library-filter-open {"overflow":false,"broken":0,"accessibilityAudited":true,"violations":0}
dark-library-detail {"overflow":false,"broken":0,"accessibilityAudited":true,"violations":0}
dark-tooltip {"overflow":false,"broken":0,"accessibilityAudited":true,"violations":0}
dark-toast {"overflow":false,"broken":0,"accessibilityAudited":true,"violations":0}
dark-landing-text-200 {"overflow":false,"broken":0,"accessibilityAudited":true,"violations":0}
dark-create-text-200 {"overflow":false,"broken":0,"accessibilityAudited":true,"violations":0}
dark-reduced-motion {"overflow":false,"broken":0,"accessibilityAudited":true,"violations":0}
dark-forced-colors-select {"overflow":false,"broken":0,"accessibilityAudited":false,"violations":0}
dark-legacy-images {"overflow":false,"broken":0,"accessibilityAudited":false,"violations":0}
dark-legacy-videos {"overflow":false,"broken":0,"accessibilityAudited":false,"violations":0}
